../lvgl/examples/widgets/dropdown/../../../src/hal/../draw/../misc/lv_color.h:603:26:lv_color_make	16	static
../lvgl/examples/widgets/dropdown/../../../src/hal/../draw/../misc/lv_color.h:608:26:lv_color_hex	24	static
../lvgl/examples/widgets/dropdown/../../../src/hal/../draw/../misc/lv_color.h:699:26:lv_color_white	8	static
../lvgl/examples/widgets/dropdown/../../../src/hal/../draw/../misc/lv_color.h:703:26:lv_color_black	8	static
../lvgl/examples/widgets/dropdown/../../../src/core/lv_disp.h:184:26:lv_scr_act	8	static
../lvgl/examples/widgets/dropdown/../../../src/core/lv_disp.h:207:20:lv_scr_load	16	static
../lvgl/examples/widgets/dropdown/lv_example_main_page.c:61:6:encoder_read_cb	24	static
../lvgl/examples/widgets/dropdown/lv_example_main_page.c:77:6:update_canvas_highlight	16	static
../lvgl/examples/widgets/dropdown/lv_example_main_page.c:90:6:check_encoder_change	16	static
../lvgl/examples/widgets/dropdown/lv_example_main_page.c:111:6:lvgl_encoder_init	40	static
../lvgl/examples/widgets/dropdown/lv_example_main_page.c:124:13:two_t_event_handler	32	static
../lvgl/examples/widgets/dropdown/lv_example_main_page.c:153:13:four_t_event_handler	16	static
../lvgl/examples/widgets/dropdown/lv_example_main_page.c:159:13:spt_event_handler	16	static
../lvgl/examples/widgets/dropdown/lv_example_main_page.c:163:13:return_event_handler_from_modes_to_options	16	static
../lvgl/examples/widgets/dropdown/lv_example_main_page.c:172:13:return_event_handler	16	static
../lvgl/examples/widgets/dropdown/lv_example_main_page.c:183:13:mig_function_event_handler	72	static
../lvgl/examples/widgets/dropdown/lv_example_main_page.c:415:13:mode_event_handler_canvas	64	static
../lvgl/examples/widgets/dropdown/lv_example_main_page.c:501:13:TORCH_event_handler	56	static
../lvgl/examples/widgets/dropdown/lv_example_main_page.c:580:13:WIRE_SIZE_event_handler	32	static
../lvgl/examples/widgets/dropdown/lv_example_main_page.c:624:13:MAT_THICK_event_handler	32	static
../lvgl/examples/widgets/dropdown/lv_example_main_page.c:652:13:PROCESS_event_handler	56	static
../lvgl/examples/widgets/dropdown/lv_example_main_page.c:750:6:lv_example_main_page	448	static
../lvgl/examples/widgets/dropdown/lv_example_main_page.c:1095:6:handle_two_t_screen	4	static
